---
source: tantalum_lexer/tests/snapshots.rs
expression: tokens
snapshot_kind: text
---
[
  Token(
    span: Span(
      start: Location(
        file_name: "conditionals.ta",
        position: 0,
        line: 1,
        column: 1,
      ),
      end: Location(
        file_name: "conditionals.ta",
        position: 2,
        line: 1,
        column: 3,
      ),
    ),
    lexeme: "fn",
    kind: KeywordFn,
  ),
  Token(
    span: Span(
      start: Location(
        file_name: "conditionals.ta",
        position: 3,
        line: 1,
        column: 4,
      ),
      end: Location(
        file_name: "conditionals.ta",
        position: 7,
        line: 1,
        column: 8,
      ),
    ),
    lexeme: "main",
    kind: Identifier,
  ),
  Token(
    span: Span(
      start: Location(
        file_name: "conditionals.ta",
        position: 7,
        line: 1,
        column: 8,
      ),
      end: Location(
        file_name: "conditionals.ta",
        position: 8,
        line: 1,
        column: 9,
      ),
    ),
    lexeme: "(",
    kind: LeftParen,
  ),
  Token(
    span: Span(
      start: Location(
        file_name: "conditionals.ta",
        position: 8,
        line: 1,
        column: 9,
      ),
      end: Location(
        file_name: "conditionals.ta",
        position: 9,
        line: 1,
        column: 10,
      ),
    ),
    lexeme: ")",
    kind: RightParen,
  ),
  Token(
    span: Span(
      start: Location(
        file_name: "conditionals.ta",
        position: 9,
        line: 1,
        column: 10,
      ),
      end: Location(
        file_name: "conditionals.ta",
        position: 10,
        line: 1,
        column: 11,
      ),
    ),
    lexeme: ":",
    kind: Colon,
  ),
  Token(
    span: Span(
      start: Location(
        file_name: "conditionals.ta",
        position: 11,
        line: 1,
        column: 12,
      ),
      end: Location(
        file_name: "conditionals.ta",
        position: 14,
        line: 1,
        column: 15,
      ),
    ),
    lexeme: "i32",
    kind: Identifier,
  ),
  Token(
    span: Span(
      start: Location(
        file_name: "conditionals.ta",
        position: 15,
        line: 1,
        column: 16,
      ),
      end: Location(
        file_name: "conditionals.ta",
        position: 16,
        line: 1,
        column: 17,
      ),
    ),
    lexeme: "{",
    kind: LeftBrace,
  ),
  Token(
    span: Span(
      start: Location(
        file_name: "conditionals.ta",
        position: 21,
        line: 2,
        column: 5,
      ),
      end: Location(
        file_name: "conditionals.ta",
        position: 24,
        line: 2,
        column: 8,
      ),
    ),
    lexeme: "let",
    kind: KeywordLet,
  ),
  Token(
    span: Span(
      start: Location(
        file_name: "conditionals.ta",
        position: 25,
        line: 2,
        column: 9,
      ),
      end: Location(
        file_name: "conditionals.ta",
        position: 26,
        line: 2,
        column: 10,
      ),
    ),
    lexeme: "a",
    kind: Identifier,
  ),
  Token(
    span: Span(
      start: Location(
        file_name: "conditionals.ta",
        position: 26,
        line: 2,
        column: 10,
      ),
      end: Location(
        file_name: "conditionals.ta",
        position: 27,
        line: 2,
        column: 11,
      ),
    ),
    lexeme: ":",
    kind: Colon,
  ),
  Token(
    span: Span(
      start: Location(
        file_name: "conditionals.ta",
        position: 28,
        line: 2,
        column: 12,
      ),
      end: Location(
        file_name: "conditionals.ta",
        position: 31,
        line: 2,
        column: 15,
      ),
    ),
    lexeme: "i32",
    kind: Identifier,
  ),
  Token(
    span: Span(
      start: Location(
        file_name: "conditionals.ta",
        position: 32,
        line: 2,
        column: 16,
      ),
      end: Location(
        file_name: "conditionals.ta",
        position: 33,
        line: 2,
        column: 17,
      ),
    ),
    lexeme: "=",
    kind: Equal,
  ),
  Token(
    span: Span(
      start: Location(
        file_name: "conditionals.ta",
        position: 34,
        line: 2,
        column: 18,
      ),
      end: Location(
        file_name: "conditionals.ta",
        position: 36,
        line: 2,
        column: 20,
      ),
    ),
    lexeme: "10",
    kind: DecimalIntegerLiteral,
  ),
  Token(
    span: Span(
      start: Location(
        file_name: "conditionals.ta",
        position: 36,
        line: 2,
        column: 20,
      ),
      end: Location(
        file_name: "conditionals.ta",
        position: 37,
        line: 2,
        column: 21,
      ),
    ),
    lexeme: ";",
    kind: Semicolon,
  ),
  Token(
    span: Span(
      start: Location(
        file_name: "conditionals.ta",
        position: 42,
        line: 3,
        column: 5,
      ),
      end: Location(
        file_name: "conditionals.ta",
        position: 45,
        line: 3,
        column: 8,
      ),
    ),
    lexeme: "let",
    kind: KeywordLet,
  ),
  Token(
    span: Span(
      start: Location(
        file_name: "conditionals.ta",
        position: 46,
        line: 3,
        column: 9,
      ),
      end: Location(
        file_name: "conditionals.ta",
        position: 47,
        line: 3,
        column: 10,
      ),
    ),
    lexeme: "b",
    kind: Identifier,
  ),
  Token(
    span: Span(
      start: Location(
        file_name: "conditionals.ta",
        position: 47,
        line: 3,
        column: 10,
      ),
      end: Location(
        file_name: "conditionals.ta",
        position: 48,
        line: 3,
        column: 11,
      ),
    ),
    lexeme: ":",
    kind: Colon,
  ),
  Token(
    span: Span(
      start: Location(
        file_name: "conditionals.ta",
        position: 49,
        line: 3,
        column: 12,
      ),
      end: Location(
        file_name: "conditionals.ta",
        position: 52,
        line: 3,
        column: 15,
      ),
    ),
    lexeme: "i32",
    kind: Identifier,
  ),
  Token(
    span: Span(
      start: Location(
        file_name: "conditionals.ta",
        position: 53,
        line: 3,
        column: 16,
      ),
      end: Location(
        file_name: "conditionals.ta",
        position: 54,
        line: 3,
        column: 17,
      ),
    ),
    lexeme: "=",
    kind: Equal,
  ),
  Token(
    span: Span(
      start: Location(
        file_name: "conditionals.ta",
        position: 55,
        line: 3,
        column: 18,
      ),
      end: Location(
        file_name: "conditionals.ta",
        position: 57,
        line: 3,
        column: 20,
      ),
    ),
    lexeme: "20",
    kind: DecimalIntegerLiteral,
  ),
  Token(
    span: Span(
      start: Location(
        file_name: "conditionals.ta",
        position: 57,
        line: 3,
        column: 20,
      ),
      end: Location(
        file_name: "conditionals.ta",
        position: 58,
        line: 3,
        column: 21,
      ),
    ),
    lexeme: ";",
    kind: Semicolon,
  ),
  Token(
    span: Span(
      start: Location(
        file_name: "conditionals.ta",
        position: 63,
        line: 4,
        column: 5,
      ),
      end: Location(
        file_name: "conditionals.ta",
        position: 66,
        line: 4,
        column: 8,
      ),
    ),
    lexeme: "let",
    kind: KeywordLet,
  ),
  Token(
    span: Span(
      start: Location(
        file_name: "conditionals.ta",
        position: 67,
        line: 4,
        column: 9,
      ),
      end: Location(
        file_name: "conditionals.ta",
        position: 68,
        line: 4,
        column: 10,
      ),
    ),
    lexeme: "c",
    kind: Identifier,
  ),
  Token(
    span: Span(
      start: Location(
        file_name: "conditionals.ta",
        position: 68,
        line: 4,
        column: 10,
      ),
      end: Location(
        file_name: "conditionals.ta",
        position: 69,
        line: 4,
        column: 11,
      ),
    ),
    lexeme: ":",
    kind: Colon,
  ),
  Token(
    span: Span(
      start: Location(
        file_name: "conditionals.ta",
        position: 70,
        line: 4,
        column: 12,
      ),
      end: Location(
        file_name: "conditionals.ta",
        position: 73,
        line: 4,
        column: 15,
      ),
    ),
    lexeme: "i32",
    kind: Identifier,
  ),
  Token(
    span: Span(
      start: Location(
        file_name: "conditionals.ta",
        position: 74,
        line: 4,
        column: 16,
      ),
      end: Location(
        file_name: "conditionals.ta",
        position: 75,
        line: 4,
        column: 17,
      ),
    ),
    lexeme: "=",
    kind: Equal,
  ),
  Token(
    span: Span(
      start: Location(
        file_name: "conditionals.ta",
        position: 76,
        line: 4,
        column: 18,
      ),
      end: Location(
        file_name: "conditionals.ta",
        position: 78,
        line: 4,
        column: 20,
      ),
    ),
    lexeme: "30",
    kind: DecimalIntegerLiteral,
  ),
  Token(
    span: Span(
      start: Location(
        file_name: "conditionals.ta",
        position: 78,
        line: 4,
        column: 20,
      ),
      end: Location(
        file_name: "conditionals.ta",
        position: 79,
        line: 4,
        column: 21,
      ),
    ),
    lexeme: ";",
    kind: Semicolon,
  ),
  Token(
    span: Span(
      start: Location(
        file_name: "conditionals.ta",
        position: 85,
        line: 6,
        column: 5,
      ),
      end: Location(
        file_name: "conditionals.ta",
        position: 87,
        line: 6,
        column: 7,
      ),
    ),
    lexeme: "if",
    kind: KeywordIf,
  ),
  Token(
    span: Span(
      start: Location(
        file_name: "conditionals.ta",
        position: 88,
        line: 6,
        column: 8,
      ),
      end: Location(
        file_name: "conditionals.ta",
        position: 89,
        line: 6,
        column: 9,
      ),
    ),
    lexeme: "a",
    kind: Identifier,
  ),
  Token(
    span: Span(
      start: Location(
        file_name: "conditionals.ta",
        position: 90,
        line: 6,
        column: 10,
      ),
      end: Location(
        file_name: "conditionals.ta",
        position: 91,
        line: 6,
        column: 11,
      ),
    ),
    lexeme: ">",
    kind: RightAngle,
  ),
  Token(
    span: Span(
      start: Location(
        file_name: "conditionals.ta",
        position: 92,
        line: 6,
        column: 12,
      ),
      end: Location(
        file_name: "conditionals.ta",
        position: 93,
        line: 6,
        column: 13,
      ),
    ),
    lexeme: "b",
    kind: Identifier,
  ),
  Token(
    span: Span(
      start: Location(
        file_name: "conditionals.ta",
        position: 94,
        line: 6,
        column: 14,
      ),
      end: Location(
        file_name: "conditionals.ta",
        position: 95,
        line: 6,
        column: 15,
      ),
    ),
    lexeme: "{",
    kind: LeftBrace,
  ),
  Token(
    span: Span(
      start: Location(
        file_name: "conditionals.ta",
        position: 104,
        line: 7,
        column: 9,
      ),
      end: Location(
        file_name: "conditionals.ta",
        position: 110,
        line: 7,
        column: 15,
      ),
    ),
    lexeme: "return",
    kind: KeywordReturn,
  ),
  Token(
    span: Span(
      start: Location(
        file_name: "conditionals.ta",
        position: 111,
        line: 7,
        column: 16,
      ),
      end: Location(
        file_name: "conditionals.ta",
        position: 112,
        line: 7,
        column: 17,
      ),
    ),
    lexeme: "a",
    kind: Identifier,
  ),
  Token(
    span: Span(
      start: Location(
        file_name: "conditionals.ta",
        position: 112,
        line: 7,
        column: 17,
      ),
      end: Location(
        file_name: "conditionals.ta",
        position: 113,
        line: 7,
        column: 18,
      ),
    ),
    lexeme: ";",
    kind: Semicolon,
  ),
  Token(
    span: Span(
      start: Location(
        file_name: "conditionals.ta",
        position: 118,
        line: 8,
        column: 5,
      ),
      end: Location(
        file_name: "conditionals.ta",
        position: 119,
        line: 8,
        column: 6,
      ),
    ),
    lexeme: "}",
    kind: RightBrace,
  ),
  Token(
    span: Span(
      start: Location(
        file_name: "conditionals.ta",
        position: 120,
        line: 8,
        column: 7,
      ),
      end: Location(
        file_name: "conditionals.ta",
        position: 124,
        line: 8,
        column: 11,
      ),
    ),
    lexeme: "else",
    kind: KeywordElse,
  ),
  Token(
    span: Span(
      start: Location(
        file_name: "conditionals.ta",
        position: 125,
        line: 8,
        column: 12,
      ),
      end: Location(
        file_name: "conditionals.ta",
        position: 127,
        line: 8,
        column: 14,
      ),
    ),
    lexeme: "if",
    kind: KeywordIf,
  ),
  Token(
    span: Span(
      start: Location(
        file_name: "conditionals.ta",
        position: 128,
        line: 8,
        column: 15,
      ),
      end: Location(
        file_name: "conditionals.ta",
        position: 129,
        line: 8,
        column: 16,
      ),
    ),
    lexeme: "b",
    kind: Identifier,
  ),
  Token(
    span: Span(
      start: Location(
        file_name: "conditionals.ta",
        position: 130,
        line: 8,
        column: 17,
      ),
      end: Location(
        file_name: "conditionals.ta",
        position: 131,
        line: 8,
        column: 18,
      ),
    ),
    lexeme: ">",
    kind: RightAngle,
  ),
  Token(
    span: Span(
      start: Location(
        file_name: "conditionals.ta",
        position: 132,
        line: 8,
        column: 19,
      ),
      end: Location(
        file_name: "conditionals.ta",
        position: 133,
        line: 8,
        column: 20,
      ),
    ),
    lexeme: "c",
    kind: Identifier,
  ),
  Token(
    span: Span(
      start: Location(
        file_name: "conditionals.ta",
        position: 134,
        line: 8,
        column: 21,
      ),
      end: Location(
        file_name: "conditionals.ta",
        position: 135,
        line: 8,
        column: 22,
      ),
    ),
    lexeme: "{",
    kind: LeftBrace,
  ),
  Token(
    span: Span(
      start: Location(
        file_name: "conditionals.ta",
        position: 144,
        line: 9,
        column: 9,
      ),
      end: Location(
        file_name: "conditionals.ta",
        position: 150,
        line: 9,
        column: 15,
      ),
    ),
    lexeme: "return",
    kind: KeywordReturn,
  ),
  Token(
    span: Span(
      start: Location(
        file_name: "conditionals.ta",
        position: 151,
        line: 9,
        column: 16,
      ),
      end: Location(
        file_name: "conditionals.ta",
        position: 152,
        line: 9,
        column: 17,
      ),
    ),
    lexeme: "b",
    kind: Identifier,
  ),
  Token(
    span: Span(
      start: Location(
        file_name: "conditionals.ta",
        position: 152,
        line: 9,
        column: 17,
      ),
      end: Location(
        file_name: "conditionals.ta",
        position: 153,
        line: 9,
        column: 18,
      ),
    ),
    lexeme: ";",
    kind: Semicolon,
  ),
  Token(
    span: Span(
      start: Location(
        file_name: "conditionals.ta",
        position: 158,
        line: 10,
        column: 5,
      ),
      end: Location(
        file_name: "conditionals.ta",
        position: 159,
        line: 10,
        column: 6,
      ),
    ),
    lexeme: "}",
    kind: RightBrace,
  ),
  Token(
    span: Span(
      start: Location(
        file_name: "conditionals.ta",
        position: 160,
        line: 10,
        column: 7,
      ),
      end: Location(
        file_name: "conditionals.ta",
        position: 164,
        line: 10,
        column: 11,
      ),
    ),
    lexeme: "else",
    kind: KeywordElse,
  ),
  Token(
    span: Span(
      start: Location(
        file_name: "conditionals.ta",
        position: 165,
        line: 10,
        column: 12,
      ),
      end: Location(
        file_name: "conditionals.ta",
        position: 166,
        line: 10,
        column: 13,
      ),
    ),
    lexeme: "{",
    kind: LeftBrace,
  ),
  Token(
    span: Span(
      start: Location(
        file_name: "conditionals.ta",
        position: 175,
        line: 11,
        column: 9,
      ),
      end: Location(
        file_name: "conditionals.ta",
        position: 181,
        line: 11,
        column: 15,
      ),
    ),
    lexeme: "return",
    kind: KeywordReturn,
  ),
  Token(
    span: Span(
      start: Location(
        file_name: "conditionals.ta",
        position: 182,
        line: 11,
        column: 16,
      ),
      end: Location(
        file_name: "conditionals.ta",
        position: 183,
        line: 11,
        column: 17,
      ),
    ),
    lexeme: "c",
    kind: Identifier,
  ),
  Token(
    span: Span(
      start: Location(
        file_name: "conditionals.ta",
        position: 183,
        line: 11,
        column: 17,
      ),
      end: Location(
        file_name: "conditionals.ta",
        position: 184,
        line: 11,
        column: 18,
      ),
    ),
    lexeme: ";",
    kind: Semicolon,
  ),
  Token(
    span: Span(
      start: Location(
        file_name: "conditionals.ta",
        position: 189,
        line: 12,
        column: 5,
      ),
      end: Location(
        file_name: "conditionals.ta",
        position: 190,
        line: 12,
        column: 6,
      ),
    ),
    lexeme: "}",
    kind: RightBrace,
  ),
  Token(
    span: Span(
      start: Location(
        file_name: "conditionals.ta",
        position: 191,
        line: 13,
        column: 1,
      ),
      end: Location(
        file_name: "conditionals.ta",
        position: 192,
        line: 13,
        column: 2,
      ),
    ),
    lexeme: "}",
    kind: RightBrace,
  ),
]
