---
source: tantalum_parser/src/tests/expression.rs
expression: result
snapshot_kind: text
---
Ok(Spanned(
  span: Span(
    start: Location(
      file_name: "type_cast",
      position: 0,
      line: 1,
      column: 1,
    ),
    end: Location(
      file_name: "type_cast",
      position: 4,
      line: 1,
      column: 5,
    ),
  ),
  data: TypeCast(TypeCast(
    ty: Spanned(
      span: Span(
        start: Location(
          file_name: "type_cast",
          position: 2,
          line: 1,
          column: 3,
        ),
        end: Location(
          file_name: "type_cast",
          position: 4,
          line: 1,
          column: 5,
        ),
      ),
      data: Named(NamedType(
        name: Spanned(
          span: Span(
            start: Location(
              file_name: "type_cast",
              position: 2,
              line: 1,
              column: 3,
            ),
            end: Location(
              file_name: "type_cast",
              position: 4,
              line: 1,
              column: 5,
            ),
          ),
          data: "u8",
        ),
      )),
    ),
    value: Spanned(
      span: Span(
        start: Location(
          file_name: "type_cast",
          position: 0,
          line: 1,
          column: 1,
        ),
        end: Location(
          file_name: "type_cast",
          position: 1,
          line: 1,
          column: 2,
        ),
      ),
      data: Literal(Integer(Integer(
        value: Spanned(
          span: Span(
            start: Location(
              file_name: "type_cast",
              position: 0,
              line: 1,
              column: 1,
            ),
            end: Location(
              file_name: "type_cast",
              position: 1,
              line: 1,
              column: 2,
            ),
          ),
          data: "1",
        ),
        radix: 10,
      ))),
    ),
  )),
))
