---
source: tantalum_parser/src/tests/expression.rs
expression: result
snapshot_kind: text
---
Ok(Spanned(
  span: Span(
    start: Location(
      file_name: "function_call",
      position: 0,
      line: 1,
      column: 1,
    ),
    end: Location(
      file_name: "function_call",
      position: 5,
      line: 1,
      column: 6,
    ),
  ),
  data: FunctionCall(FunctionCall(
    function: Spanned(
      span: Span(
        start: Location(
          file_name: "function_call",
          position: 0,
          line: 1,
          column: 1,
        ),
        end: Location(
          file_name: "function_call",
          position: 3,
          line: 1,
          column: 4,
        ),
      ),
      data: Variable(Variable(
        name: Spanned(
          span: Span(
            start: Location(
              file_name: "function_call",
              position: 0,
              line: 1,
              column: 1,
            ),
            end: Location(
              file_name: "function_call",
              position: 3,
              line: 1,
              column: 4,
            ),
          ),
          data: "foo",
        ),
      )),
    ),
    arguments: [],
  )),
))
