---
source: tantalum_parser/src/tests/expression.rs
expression: result
snapshot_kind: text
---
Ok(Spanned(
  span: Span(
    start: Location(
      file_name: "type_cast_with_binary_expression",
      position: 0,
      line: 1,
      column: 1,
    ),
    end: Location(
      file_name: "type_cast_with_binary_expression",
      position: 8,
      line: 1,
      column: 9,
    ),
  ),
  data: BinaryOperation(BinaryOperation(
    left: Spanned(
      span: Span(
        start: Location(
          file_name: "type_cast_with_binary_expression",
          position: 0,
          line: 1,
          column: 1,
        ),
        end: Location(
          file_name: "type_cast_with_binary_expression",
          position: 1,
          line: 1,
          column: 2,
        ),
      ),
      data: Literal(Integer(Integer(
        value: Spanned(
          span: Span(
            start: Location(
              file_name: "type_cast_with_binary_expression",
              position: 0,
              line: 1,
              column: 1,
            ),
            end: Location(
              file_name: "type_cast_with_binary_expression",
              position: 1,
              line: 1,
              column: 2,
            ),
          ),
          data: "1",
        ),
        radix: 10,
      ))),
    ),
    operator: Spanned(
      span: Span(
        start: Location(
          file_name: "type_cast_with_binary_expression",
          position: 2,
          line: 1,
          column: 3,
        ),
        end: Location(
          file_name: "type_cast_with_binary_expression",
          position: 3,
          line: 1,
          column: 4,
        ),
      ),
      data: Addition,
    ),
    right: Spanned(
      span: Span(
        start: Location(
          file_name: "type_cast_with_binary_expression",
          position: 4,
          line: 1,
          column: 5,
        ),
        end: Location(
          file_name: "type_cast_with_binary_expression",
          position: 8,
          line: 1,
          column: 9,
        ),
      ),
      data: TypeCast(TypeCast(
        ty: Spanned(
          span: Span(
            start: Location(
              file_name: "type_cast_with_binary_expression",
              position: 6,
              line: 1,
              column: 7,
            ),
            end: Location(
              file_name: "type_cast_with_binary_expression",
              position: 8,
              line: 1,
              column: 9,
            ),
          ),
          data: Named(NamedType(
            name: Spanned(
              span: Span(
                start: Location(
                  file_name: "type_cast_with_binary_expression",
                  position: 6,
                  line: 1,
                  column: 7,
                ),
                end: Location(
                  file_name: "type_cast_with_binary_expression",
                  position: 8,
                  line: 1,
                  column: 9,
                ),
              ),
              data: "u8",
            ),
          )),
        ),
        value: Spanned(
          span: Span(
            start: Location(
              file_name: "type_cast_with_binary_expression",
              position: 4,
              line: 1,
              column: 5,
            ),
            end: Location(
              file_name: "type_cast_with_binary_expression",
              position: 5,
              line: 1,
              column: 6,
            ),
          ),
          data: Literal(Integer(Integer(
            value: Spanned(
              span: Span(
                start: Location(
                  file_name: "type_cast_with_binary_expression",
                  position: 4,
                  line: 1,
                  column: 5,
                ),
                end: Location(
                  file_name: "type_cast_with_binary_expression",
                  position: 5,
                  line: 1,
                  column: 6,
                ),
              ),
              data: "2",
            ),
            radix: 10,
          ))),
        ),
      )),
    ),
  )),
))
