---
source: tantalum_parser/tests/snapshots.rs
expression: ast
snapshot_kind: text
---
Ok(AST([
  Spanned(
    span: Span(
      start: Location(
        file_name: "hello_world.ta",
        position: 0,
        line: 1,
        column: 1,
      ),
      end: Location(
        file_name: "hello_world.ta",
        position: 46,
        line: 1,
        column: 47,
      ),
    ),
    data: ExternalFunction(ExternalFunction(
      name: Spanned(
        span: Span(
          start: Location(
            file_name: "hello_world.ta",
            position: 10,
            line: 1,
            column: 11,
          ),
          end: Location(
            file_name: "hello_world.ta",
            position: 16,
            line: 1,
            column: 17,
          ),
        ),
        data: "printf",
      ),
      parameters: Spanned(
        span: Span(
          start: Location(
            file_name: "hello_world.ta",
            position: 16,
            line: 1,
            column: 17,
          ),
          end: Location(
            file_name: "hello_world.ta",
            position: 40,
            line: 1,
            column: 41,
          ),
        ),
        data: [
          Spanned(
            span: Span(
              start: Location(
                file_name: "hello_world.ta",
                position: 17,
                line: 1,
                column: 18,
              ),
              end: Location(
                file_name: "hello_world.ta",
                position: 34,
                line: 1,
                column: 35,
              ),
            ),
            data: Named(NamedParameter(
              name: Spanned(
                span: Span(
                  start: Location(
                    file_name: "hello_world.ta",
                    position: 17,
                    line: 1,
                    column: 18,
                  ),
                  end: Location(
                    file_name: "hello_world.ta",
                    position: 23,
                    line: 1,
                    column: 24,
                  ),
                ),
                data: "format",
              ),
              ty: Spanned(
                span: Span(
                  start: Location(
                    file_name: "hello_world.ta",
                    position: 25,
                    line: 1,
                    column: 26,
                  ),
                  end: Location(
                    file_name: "hello_world.ta",
                    position: 34,
                    line: 1,
                    column: 35,
                  ),
                ),
                data: Pointer(PointerType(
                  ty: Spanned(
                    span: Span(
                      start: Location(
                        file_name: "hello_world.ta",
                        position: 26,
                        line: 1,
                        column: 27,
                      ),
                      end: Location(
                        file_name: "hello_world.ta",
                        position: 34,
                        line: 1,
                        column: 35,
                      ),
                    ),
                    data: Const(ConstType(
                      ty: Spanned(
                        span: Span(
                          start: Location(
                            file_name: "hello_world.ta",
                            position: 32,
                            line: 1,
                            column: 33,
                          ),
                          end: Location(
                            file_name: "hello_world.ta",
                            position: 34,
                            line: 1,
                            column: 35,
                          ),
                        ),
                        data: Named(NamedType(
                          name: Spanned(
                            span: Span(
                              start: Location(
                                file_name: "hello_world.ta",
                                position: 32,
                                line: 1,
                                column: 33,
                              ),
                              end: Location(
                                file_name: "hello_world.ta",
                                position: 34,
                                line: 1,
                                column: 35,
                              ),
                            ),
                            data: "u8",
                          ),
                        )),
                      ),
                    )),
                  ),
                )),
              ),
            )),
          ),
          Spanned(
            span: Span(
              start: Location(
                file_name: "hello_world.ta",
                position: 36,
                line: 1,
                column: 37,
              ),
              end: Location(
                file_name: "hello_world.ta",
                position: 39,
                line: 1,
                column: 40,
              ),
            ),
            data: Variadic,
          ),
        ],
      ),
      return_type: Some(Spanned(
        span: Span(
          start: Location(
            file_name: "hello_world.ta",
            position: 42,
            line: 1,
            column: 43,
          ),
          end: Location(
            file_name: "hello_world.ta",
            position: 45,
            line: 1,
            column: 46,
          ),
        ),
        data: Named(NamedType(
          name: Spanned(
            span: Span(
              start: Location(
                file_name: "hello_world.ta",
                position: 42,
                line: 1,
                column: 43,
              ),
              end: Location(
                file_name: "hello_world.ta",
                position: 45,
                line: 1,
                column: 46,
              ),
            ),
            data: "i32",
          ),
        )),
      )),
    )),
  ),
  Spanned(
    span: Span(
      start: Location(
        file_name: "hello_world.ta",
        position: 48,
        line: 3,
        column: 1,
      ),
      end: Location(
        file_name: "hello_world.ta",
        position: 122,
        line: 7,
        column: 2,
      ),
    ),
    data: Function(Function(
      name: Spanned(
        span: Span(
          start: Location(
            file_name: "hello_world.ta",
            position: 51,
            line: 3,
            column: 4,
          ),
          end: Location(
            file_name: "hello_world.ta",
            position: 55,
            line: 3,
            column: 8,
          ),
        ),
        data: "main",
      ),
      parameters: Spanned(
        span: Span(
          start: Location(
            file_name: "hello_world.ta",
            position: 55,
            line: 3,
            column: 8,
          ),
          end: Location(
            file_name: "hello_world.ta",
            position: 57,
            line: 3,
            column: 10,
          ),
        ),
        data: [],
      ),
      return_type: Some(Spanned(
        span: Span(
          start: Location(
            file_name: "hello_world.ta",
            position: 59,
            line: 3,
            column: 12,
          ),
          end: Location(
            file_name: "hello_world.ta",
            position: 62,
            line: 3,
            column: 15,
          ),
        ),
        data: Named(NamedType(
          name: Spanned(
            span: Span(
              start: Location(
                file_name: "hello_world.ta",
                position: 59,
                line: 3,
                column: 12,
              ),
              end: Location(
                file_name: "hello_world.ta",
                position: 62,
                line: 3,
                column: 15,
              ),
            ),
            data: "i32",
          ),
        )),
      )),
      body: Spanned(
        span: Span(
          start: Location(
            file_name: "hello_world.ta",
            position: 63,
            line: 3,
            column: 16,
          ),
          end: Location(
            file_name: "hello_world.ta",
            position: 122,
            line: 7,
            column: 2,
          ),
        ),
        data: Block(Block(
          statements: [
            Spanned(
              span: Span(
                start: Location(
                  file_name: "hello_world.ta",
                  position: 69,
                  line: 4,
                  column: 5,
                ),
                end: Location(
                  file_name: "hello_world.ta",
                  position: 97,
                  line: 4,
                  column: 33,
                ),
              ),
              data: Expression(FunctionCall(FunctionCall(
                function: Spanned(
                  span: Span(
                    start: Location(
                      file_name: "hello_world.ta",
                      position: 69,
                      line: 4,
                      column: 5,
                    ),
                    end: Location(
                      file_name: "hello_world.ta",
                      position: 75,
                      line: 4,
                      column: 11,
                    ),
                  ),
                  data: Variable(Variable(
                    name: Spanned(
                      span: Span(
                        start: Location(
                          file_name: "hello_world.ta",
                          position: 69,
                          line: 4,
                          column: 5,
                        ),
                        end: Location(
                          file_name: "hello_world.ta",
                          position: 75,
                          line: 4,
                          column: 11,
                        ),
                      ),
                      data: "printf",
                    ),
                  )),
                ),
                arguments: [
                  Spanned(
                    span: Span(
                      start: Location(
                        file_name: "hello_world.ta",
                        position: 76,
                        line: 4,
                        column: 12,
                      ),
                      end: Location(
                        file_name: "hello_world.ta",
                        position: 95,
                        line: 4,
                        column: 31,
                      ),
                    ),
                    data: UnaryOperation(UnaryOperation(
                      operator: Spanned(
                        span: Span(
                          start: Location(
                            file_name: "hello_world.ta",
                            position: 93,
                            line: 4,
                            column: 29,
                          ),
                          end: Location(
                            file_name: "hello_world.ta",
                            position: 95,
                            line: 4,
                            column: 31,
                          ),
                        ),
                        data: Ref,
                      ),
                      operand: Spanned(
                        span: Span(
                          start: Location(
                            file_name: "hello_world.ta",
                            position: 76,
                            line: 4,
                            column: 12,
                          ),
                          end: Location(
                            file_name: "hello_world.ta",
                            position: 93,
                            line: 4,
                            column: 29,
                          ),
                        ),
                        data: Literal(Character(Character(
                          value: Spanned(
                            span: Span(
                              start: Location(
                                file_name: "hello_world.ta",
                                position: 76,
                                line: 4,
                                column: 12,
                              ),
                              end: Location(
                                file_name: "hello_world.ta",
                                position: 93,
                                line: 4,
                                column: 29,
                              ),
                            ),
                            data: "\"Hello, World!\\n\"",
                          ),
                        ))),
                      ),
                    )),
                  ),
                ],
              ))),
            ),
            Spanned(
              span: Span(
                start: Location(
                  file_name: "hello_world.ta",
                  position: 103,
                  line: 6,
                  column: 5,
                ),
                end: Location(
                  file_name: "hello_world.ta",
                  position: 120,
                  line: 6,
                  column: 22,
                ),
              ),
              data: Return(Return(
                value: Some(Spanned(
                  span: Span(
                    start: Location(
                      file_name: "hello_world.ta",
                      position: 110,
                      line: 6,
                      column: 12,
                    ),
                    end: Location(
                      file_name: "hello_world.ta",
                      position: 119,
                      line: 6,
                      column: 21,
                    ),
                  ),
                  data: BinaryOperation(BinaryOperation(
                    left: Spanned(
                      span: Span(
                        start: Location(
                          file_name: "hello_world.ta",
                          position: 110,
                          line: 6,
                          column: 12,
                        ),
                        end: Location(
                          file_name: "hello_world.ta",
                          position: 115,
                          line: 6,
                          column: 17,
                        ),
                      ),
                      data: BinaryOperation(BinaryOperation(
                        left: Spanned(
                          span: Span(
                            start: Location(
                              file_name: "hello_world.ta",
                              position: 110,
                              line: 6,
                              column: 12,
                            ),
                            end: Location(
                              file_name: "hello_world.ta",
                              position: 111,
                              line: 6,
                              column: 13,
                            ),
                          ),
                          data: Literal(Integer(Integer(
                            value: Spanned(
                              span: Span(
                                start: Location(
                                  file_name: "hello_world.ta",
                                  position: 110,
                                  line: 6,
                                  column: 12,
                                ),
                                end: Location(
                                  file_name: "hello_world.ta",
                                  position: 111,
                                  line: 6,
                                  column: 13,
                                ),
                              ),
                              data: "3",
                            ),
                            radix: 10,
                          ))),
                        ),
                        operator: Spanned(
                          span: Span(
                            start: Location(
                              file_name: "hello_world.ta",
                              position: 112,
                              line: 6,
                              column: 14,
                            ),
                            end: Location(
                              file_name: "hello_world.ta",
                              position: 113,
                              line: 6,
                              column: 15,
                            ),
                          ),
                          data: Multiplication,
                        ),
                        right: Spanned(
                          span: Span(
                            start: Location(
                              file_name: "hello_world.ta",
                              position: 114,
                              line: 6,
                              column: 16,
                            ),
                            end: Location(
                              file_name: "hello_world.ta",
                              position: 115,
                              line: 6,
                              column: 17,
                            ),
                          ),
                          data: Literal(Integer(Integer(
                            value: Spanned(
                              span: Span(
                                start: Location(
                                  file_name: "hello_world.ta",
                                  position: 114,
                                  line: 6,
                                  column: 16,
                                ),
                                end: Location(
                                  file_name: "hello_world.ta",
                                  position: 115,
                                  line: 6,
                                  column: 17,
                                ),
                              ),
                              data: "7",
                            ),
                            radix: 10,
                          ))),
                        ),
                      )),
                    ),
                    operator: Spanned(
                      span: Span(
                        start: Location(
                          file_name: "hello_world.ta",
                          position: 116,
                          line: 6,
                          column: 18,
                        ),
                        end: Location(
                          file_name: "hello_world.ta",
                          position: 117,
                          line: 6,
                          column: 19,
                        ),
                      ),
                      data: Addition,
                    ),
                    right: Spanned(
                      span: Span(
                        start: Location(
                          file_name: "hello_world.ta",
                          position: 118,
                          line: 6,
                          column: 20,
                        ),
                        end: Location(
                          file_name: "hello_world.ta",
                          position: 119,
                          line: 6,
                          column: 21,
                        ),
                      ),
                      data: Literal(Integer(Integer(
                        value: Spanned(
                          span: Span(
                            start: Location(
                              file_name: "hello_world.ta",
                              position: 118,
                              line: 6,
                              column: 20,
                            ),
                            end: Location(
                              file_name: "hello_world.ta",
                              position: 119,
                              line: 6,
                              column: 21,
                            ),
                          ),
                          data: "2",
                        ),
                        radix: 10,
                      ))),
                    ),
                  )),
                )),
              )),
            ),
          ],
        )),
      ),
    )),
  ),
]))
