---
source: tantalum_parser/src/tests/statement.rs
expression: result
snapshot_kind: text
---
Ok(Statement(
  span: Span(
    start: Location(
      file_name: "while_statement",
      position: 0,
      line: 1,
      column: 1,
    ),
    end: Location(
      file_name: "while_statement",
      position: 27,
      line: 1,
      column: 28,
    ),
  ),
  kind: While(
    condition: Expression(
      span: Span(
        start: Location(
          file_name: "while_statement",
          position: 6,
          line: 1,
          column: 7,
        ),
        end: Location(
          file_name: "while_statement",
          position: 12,
          line: 1,
          column: 13,
        ),
      ),
      kind: BinaryOperation(
        left: Expression(
          span: Span(
            start: Location(
              file_name: "while_statement",
              position: 6,
              line: 1,
              column: 7,
            ),
            end: Location(
              file_name: "while_statement",
              position: 7,
              line: 1,
              column: 8,
            ),
          ),
          kind: Variable(
            name: "i",
          ),
        ),
        operator: BinaryOperator(
          span: Span(
            start: Location(
              file_name: "while_statement",
              position: 8,
              line: 1,
              column: 9,
            ),
            end: Location(
              file_name: "while_statement",
              position: 9,
              line: 1,
              column: 10,
            ),
          ),
          kind: LessThan,
        ),
        right: Expression(
          span: Span(
            start: Location(
              file_name: "while_statement",
              position: 10,
              line: 1,
              column: 11,
            ),
            end: Location(
              file_name: "while_statement",
              position: 12,
              line: 1,
              column: 13,
            ),
          ),
          kind: IntegerLiteral(
            value: "10",
            radix: 10,
          ),
        ),
      ),
    ),
    body: Statement(
      span: Span(
        start: Location(
          file_name: "while_statement",
          position: 13,
          line: 1,
          column: 14,
        ),
        end: Location(
          file_name: "while_statement",
          position: 27,
          line: 1,
          column: 28,
        ),
      ),
      kind: Block(
        statements: [
          Statement(
            span: Span(
              start: Location(
                file_name: "while_statement",
                position: 15,
                line: 1,
                column: 16,
              ),
              end: Location(
                file_name: "while_statement",
                position: 25,
                line: 1,
                column: 26,
              ),
            ),
            kind: Expression(
              expression: Expression(
                span: Span(
                  start: Location(
                    file_name: "while_statement",
                    position: 15,
                    line: 1,
                    column: 16,
                  ),
                  end: Location(
                    file_name: "while_statement",
                    position: 24,
                    line: 1,
                    column: 25,
                  ),
                ),
                kind: BinaryOperation(
                  left: Expression(
                    span: Span(
                      start: Location(
                        file_name: "while_statement",
                        position: 15,
                        line: 1,
                        column: 16,
                      ),
                      end: Location(
                        file_name: "while_statement",
                        position: 16,
                        line: 1,
                        column: 17,
                      ),
                    ),
                    kind: Variable(
                      name: "i",
                    ),
                  ),
                  operator: BinaryOperator(
                    span: Span(
                      start: Location(
                        file_name: "while_statement",
                        position: 17,
                        line: 1,
                        column: 18,
                      ),
                      end: Location(
                        file_name: "while_statement",
                        position: 18,
                        line: 1,
                        column: 19,
                      ),
                    ),
                    kind: Assignment,
                  ),
                  right: Expression(
                    span: Span(
                      start: Location(
                        file_name: "while_statement",
                        position: 19,
                        line: 1,
                        column: 20,
                      ),
                      end: Location(
                        file_name: "while_statement",
                        position: 24,
                        line: 1,
                        column: 25,
                      ),
                    ),
                    kind: BinaryOperation(
                      left: Expression(
                        span: Span(
                          start: Location(
                            file_name: "while_statement",
                            position: 19,
                            line: 1,
                            column: 20,
                          ),
                          end: Location(
                            file_name: "while_statement",
                            position: 20,
                            line: 1,
                            column: 21,
                          ),
                        ),
                        kind: Variable(
                          name: "i",
                        ),
                      ),
                      operator: BinaryOperator(
                        span: Span(
                          start: Location(
                            file_name: "while_statement",
                            position: 21,
                            line: 1,
                            column: 22,
                          ),
                          end: Location(
                            file_name: "while_statement",
                            position: 22,
                            line: 1,
                            column: 23,
                          ),
                        ),
                        kind: Addition,
                      ),
                      right: Expression(
                        span: Span(
                          start: Location(
                            file_name: "while_statement",
                            position: 23,
                            line: 1,
                            column: 24,
                          ),
                          end: Location(
                            file_name: "while_statement",
                            position: 24,
                            line: 1,
                            column: 25,
                          ),
                        ),
                        kind: IntegerLiteral(
                          value: "1",
                          radix: 10,
                        ),
                      ),
                    ),
                  ),
                ),
              ),
            ),
          ),
        ],
      ),
    ),
  ),
))
