---
source: tantalum_parser/src/tests/expression.rs
expression: result
snapshot_kind: text
---
Ok(Expression(
  span: Span(
    start: Location(
      file_name: "ShiftLeft",
      position: 0,
      line: 1,
      column: 1,
    ),
    end: Location(
      file_name: "ShiftLeft",
      position: 6,
      line: 1,
      column: 7,
    ),
  ),
  kind: BinaryOperation(
    left: Expression(
      span: Span(
        start: Location(
          file_name: "ShiftLeft",
          position: 0,
          line: 1,
          column: 1,
        ),
        end: Location(
          file_name: "ShiftLeft",
          position: 1,
          line: 1,
          column: 2,
        ),
      ),
      kind: IntegerLiteral(
        value: "1",
        radix: 10,
      ),
    ),
    operator: BinaryOperator(
      span: Span(
        start: Location(
          file_name: "ShiftLeft",
          position: 2,
          line: 1,
          column: 3,
        ),
        end: Location(
          file_name: "ShiftLeft",
          position: 4,
          line: 1,
          column: 5,
        ),
      ),
      kind: ShiftLeft,
    ),
    right: Expression(
      span: Span(
        start: Location(
          file_name: "ShiftLeft",
          position: 5,
          line: 1,
          column: 6,
        ),
        end: Location(
          file_name: "ShiftLeft",
          position: 6,
          line: 1,
          column: 7,
        ),
      ),
      kind: IntegerLiteral(
        value: "2",
        radix: 10,
      ),
    ),
  ),
))
