---
source: tantalum_parser/src/tests/expression.rs
expression: result
snapshot_kind: text
---
Ok(Expression(
  span: Span(
    start: Location(
      file_name: "array_access",
      position: 0,
      line: 1,
      column: 1,
    ),
    end: Location(
      file_name: "array_access",
      position: 6,
      line: 1,
      column: 7,
    ),
  ),
  kind: ArrayAccess(
    source: Expression(
      span: Span(
        start: Location(
          file_name: "array_access",
          position: 0,
          line: 1,
          column: 1,
        ),
        end: Location(
          file_name: "array_access",
          position: 3,
          line: 1,
          column: 4,
        ),
      ),
      kind: Variable(
        name: "foo",
      ),
    ),
    index: Expression(
      span: Span(
        start: Location(
          file_name: "array_access",
          position: 4,
          line: 1,
          column: 5,
        ),
        end: Location(
          file_name: "array_access",
          position: 5,
          line: 1,
          column: 6,
        ),
      ),
      kind: IntegerLiteral(
        value: "1",
        radix: 10,
      ),
    ),
  ),
))
