---
source: tantalum_parser/src/tests/statement.rs
expression: result
snapshot_kind: text
---
Ok(Statement(
  span: Span(
    start: Location(
      file_name: "expression_statement",
      position: 0,
      line: 1,
      column: 1,
    ),
    end: Location(
      file_name: "expression_statement",
      position: 8,
      line: 1,
      column: 9,
    ),
  ),
  kind: Expression(
    expression: Expression(
      span: Span(
        start: Location(
          file_name: "expression_statement",
          position: 0,
          line: 1,
          column: 1,
        ),
        end: Location(
          file_name: "expression_statement",
          position: 7,
          line: 1,
          column: 8,
        ),
      ),
      kind: BinaryOperation(
        left: Expression(
          span: Span(
            start: Location(
              file_name: "expression_statement",
              position: 0,
              line: 1,
              column: 1,
            ),
            end: Location(
              file_name: "expression_statement",
              position: 2,
              line: 1,
              column: 3,
            ),
          ),
          kind: IntegerLiteral(
            value: "42",
            radix: 10,
          ),
        ),
        operator: BinaryOperator(
          span: Span(
            start: Location(
              file_name: "expression_statement",
              position: 3,
              line: 1,
              column: 4,
            ),
            end: Location(
              file_name: "expression_statement",
              position: 4,
              line: 1,
              column: 5,
            ),
          ),
          kind: Addition,
        ),
        right: Expression(
          span: Span(
            start: Location(
              file_name: "expression_statement",
              position: 5,
              line: 1,
              column: 6,
            ),
            end: Location(
              file_name: "expression_statement",
              position: 7,
              line: 1,
              column: 8,
            ),
          ),
          kind: IntegerLiteral(
            value: "42",
            radix: 10,
          ),
        ),
      ),
    ),
  ),
))
