---
source: tantalum_parser/src/tests/statement.rs
expression: result
snapshot_kind: text
---
Ok(Spanned(
  span: Span(
    start: Location(
      file_name: "return_statement",
      position: 0,
      line: 1,
      column: 1,
    ),
    end: Location(
      file_name: "return_statement",
      position: 10,
      line: 1,
      column: 11,
    ),
  ),
  data: Return(Return(
    value: Some(Spanned(
      span: Span(
        start: Location(
          file_name: "return_statement",
          position: 7,
          line: 1,
          column: 8,
        ),
        end: Location(
          file_name: "return_statement",
          position: 9,
          line: 1,
          column: 10,
        ),
      ),
      data: Literal(Integer(Integer(
        value: Spanned(
          span: Span(
            start: Location(
              file_name: "return_statement",
              position: 7,
              line: 1,
              column: 8,
            ),
            end: Location(
              file_name: "return_statement",
              position: 9,
              line: 1,
              column: 10,
            ),
          ),
          data: "42",
        ),
        radix: 10,
      ))),
    )),
  )),
))
